[Bootstrap]
SetupTitle=安装
SetupText=正在复制文件，请等待。
CabFile=STC-IS1.CAB
Spawn=Setup1.exe
Uninstal=st6unst.exe
TmpDir=msftqws.pdw
Cabs=2

[Bootstrap Files]
File1=@VB6STKIT.DLL,$(WinSysPathSysFile),,,1/16/01 12:00:00 AM,101888,6.0.84.50
File2=@COMCAT.DLL,$(WinSysPathSysFile),$(DLLSelfRegister),,5/31/98 12:00:00 AM,22288,4.71.1460.1
File3=@VB6CHS.DLL,$(WinSysPath),,$(Shared),10/2/00 12:00:00 AM,102160,6.0.89.88
File4=@STDOLE2.TLB,$(WinSysPathSysFile),$(TLBRegister),,6/3/99 12:00:00 AM,17920,2.40.4275.1
File5=@ASYCFILT.DLL,$(WinSysPathSysFile),,,3/8/99 12:00:00 AM,147728,2.40.4275.1
File6=@OLEPRO32.DLL,$(WinSysPathSysFile),$(DLLSelfRegister),,3/8/99 12:00:00 AM,164112,5.0.4275.1
File7=@OLEAUT32.DLL,$(WinSysPathSysFile),$(DLLSelfRegister),,4/12/00 12:00:00 AM,598288,2.40.4275.1
File8=@msvbvm60.dll,$(WinSysPathSysFile),$(DLLSelfRegister),,6/19/03 11:05:04 AM,1385744,6.0.96.90

[IconGroups]
Group0=STC_ISP_V2.9_Beta5
PrivateGroup0=-1
Parent0=$(Programs)

[STC_ISP_V2.9_Beta5]
Icon1=""STC-ISP V29 Beta5.exe""
Title1=STC_ISP_V2.9_Beta5
StartIn1=$(AppPath)

[Setup]
Title=STC_ISP_V2.9_Beta5
DefaultDir=$(ProgramFiles)\STC_ISP_V2.9_Beta5
AppExe=STC-ISP V29 Beta5.exe
AppToUninstall=STC-ISP V29 Beta5.exe

[Setup1 Files]
File1=@STC516_2003.rom,$(AppPath),,,3/2/04 10:55:24 AM,4096,0.0.0.0
File2=@STC58_2003.rom,$(AppPath),,,3/2/04 10:46:44 AM,4096,0.0.0.0
File3=@STC2000.rom,$(AppPath),,,3/2/04 10:45:24 AM,384,0.0.0.0
File4=@TWOBALL-64k.bin,$(AppPath),,,2/16/04 8:07:22 AM,65536,0.0.0.0
File5=@TWOBALL-62k.bin,$(AppPath),,,3/6/04 9:37:32 AM,63488,0.0.0.0
File6=@TWOBALL-32k.bin,$(AppPath),,,2/16/04 8:13:02 AM,32768,0.0.0.0
File7=@TWOBALL-16k.bin,$(AppPath),,,2/16/04 8:13:22 AM,16384,0.0.0.0
File8=@TWOBALL-8k.bin,$(AppPath),,,2/16/04 8:13:36 AM,8192,0.0.0.0
File9=@TWOBALL.HEX,$(AppPath),,,1/19/00 1:16:44 PM,198,0.0.0.0
File10=@PENDB-64k.bin,$(AppPath),,,2/16/04 8:06:34 AM,65536,0.0.0.0
File11=@PENDB-62k.bin,$(AppPath),,,3/6/04 9:40:38 AM,63488,0.0.0.0
File12=@PENDB-32k.bin,$(AppPath),,,2/16/04 8:11:42 AM,32768,0.0.0.0
File13=@PENDB-16k.bin,$(AppPath),,,2/16/04 8:12:04 AM,16384,0.0.0.0
File14=@PENDB-8k.bin,$(AppPath),,,2/16/04 8:18:36 AM,8192,0.0.0.0
File15=@PENDB.HEX,$(AppPath),,,1/19/00 6:35:42 PM,368,0.0.0.0
File16=@BINCTR-64k.bin,$(AppPath),,,2/16/04 8:05:28 AM,65536,0.0.0.0
File17=@BINCTR-62k.bin,$(AppPath),,,3/6/04 9:41:14 AM,63488,0.0.0.0
File18=@BINCTR-32k.bin,$(AppPath),,,2/16/04 8:09:10 AM,32768,0.0.0.0
File19=@BINCTR-16k.bin,$(AppPath),,,2/16/04 8:09:36 AM,16384,0.0.0.0
File20=@BINCTR-8k.bin,$(AppPath),,,2/16/04 8:09:58 AM,8192,0.0.0.0
File21=@BINCTR.HEX,$(AppPath),,,1/18/00 11:35:50 AM,143,0.0.0.0
File22=@DATGDCHS.DLL,$(WinSysPath),,$(Shared),7/7/98 12:00:00 AM,25088,6.0.81.63
File23=@STDFTCHS.DLL,$(WinSysPath),,$(Shared),7/7/98 12:00:00 AM,6144,6.0.81.63
File24=@MSSTDFMT.DLL,$(WinSysPath),$(DLLSelfRegister),$(Shared),7/15/00 12:00:00 AM,118784,6.0.88.4
File25=@MSDATGRD.OCX,$(WinSysPath),$(DLLSelfRegister),$(Shared),12/6/00 12:00:00 AM,262328,6.0.89.88
File26=@MSCOMCHS.DLL,$(WinSysPath),,$(Shared),7/7/98 12:00:00 AM,12800,6.0.81.63
File27=@MSCOMM32.OCX,$(WinSysPath),$(DLLSelfRegister),$(Shared),6/24/98 12:00:00 AM,103744,6.0.81.69
File28=@MSHFGCHS.DLL,$(WinSysPath),,$(Shared),6/9/98 12:00:00 AM,43520,6.0.30.5
File29=@MSHFLXGD.OCX,$(WinSysPath),$(DLLSelfRegister),$(Shared),5/22/00 12:00:00 AM,438976,6.0.88.4
File30=@MSCMCCHS.DLL,$(WinSysPath),,$(Shared),7/7/98 12:00:00 AM,124416,6.0.81.63
File31=@mscomctl.ocx,$(WinSysPath),$(DLLSelfRegister),$(Shared),10/10/00 6:01:06 PM,1122816,6.0.88.77
File32=@CMDLGCHS.DLL,$(WinSysPath),,$(Shared),7/7/98 12:00:00 AM,28160,6.0.81.63
File33=@COMDLG32.OCX,$(WinSysPath),$(DLLSelfRegister),$(Shared),5/22/00 12:00:00 AM,140488,6.0.84.18
File34=@STC-ISP V29 Beta5.exe,$(AppPath),,,3/28/05 9:54:50 AM,425984,0.3.0.0

; 要在满的安装盘上定制该文件，需要额外的空间，下列行可能被删除。
; 
; XXXXXXXXXXXXXXXXXXXXXXXXXXXXXXXXXXXXXXXXXXXXXXXXXXXXXXXXXXXX
; XXXXXXXXXXXXXXXXXXXXXXXXXXXXXXXXXXXXXXXXXXXXXXXXXXXXXXXXXXXX
; XXXXXXXXXXXXXXXXXXXXXXXXXXXXXXXXXXXXXXXXXXXXXXXXXXXXXXXXXXXX
; XXXXXXXXXXXXXXXXXXXXXXXXXXXXXXXXXXXXXXXXXXXXXXXXXXXXXXXXXXXX
; XXXXXXXXXXXXXXXXXXXXXXXXXXXXXXXXXXXXXXXXXXXXXXXXXXXXXXXXXXXX
; XXXXXXXXXXXXXXXXXXXXXXXXXXXXXXXXXXXXXXXXXXXXXXXXXXXXXXXXXXXX
; XXXXXXXXXXXXXXXXXXXXXXXXXXXXXXXXXXXXXXXXXXXXXXXXXXXXXXXXXXXX
; XXXXXXXXXXXXXXXXXXXXXXXXXXXXXXXXXXXXXXXXXXXXXXXXXXXXXXXXXXXX
; XXXXXXXXXXXXXXXXXXXXXXXXXXXXXXXXXXXXXXXXXXXXXXXXXXXXXXXXXXXX
; XXXXXXXXXXXXXXXXXXXXXXXXXXXXXXXXXXXXXXXXXXXXXXXXXXXXXXXXXXXX
; XXXXXXXXXXXXXXXXXXXXXXXXXXXXXXXXXXXXXXXXXXXXXXXXXXXXXXXXXXXX
; XXXXXXXXXXXXXXXXXXXXXXXXXXXXXXXXXXXXXXXXXXXXXXXXXXXXXXXXXXXX
; XXXXXXXXXXXXXXXXXXXXXXXXXXXXXXXXXXXXXXXXXXXXXXXXXXXXXXXXXXXX
; XXXXXXXXXXXXXXXXXXXXXXXXXXXXXXXXXXXXXXXXXXXXXXXXXXXXXXXXXXXX
; XXXXXXXXXXXXXXXXXXXXXXXXXXXXXXXXXXXXXXXXXXXXXXXXXXXXXXXXXXXX
; XXXXXXXXXXXXXXXXXXXXXXXXXXXXXXXXXXXXXXXXXXXXXXXXXXXXXXXXXXXX
; XXXXXXXXXXXXXXXXXXXXXXXXXXXXXXXXXXXXXXXXXXXXXXXXXXXXXXXXXXXX
; XXXXXXXXXXXXXXXXXXXXXXXXXXXXXXXXXXXXXXXXXXXXXXXXXXXXXXXXXXXX
; XXXXXXXXXXXXXXXXXXXXXXXXXXXXXXXXXXXXXXXXXXXXXXXXXXXXXXXXXXXX
; XXXXXXXXXXXXXXXXXXXXXXXXXXXXXXXXXXXXXXXXXXXXXXXXXXXXXXXXXXXX
; XXXXXXXXXXXXXXXXXXXXXXXXXXXXXXXXXXXXXXXXXXXXXXXXXXXXXXXXXXXX
; XXXXXXXXXXXXXXXXXXXXXXXXXXXXXXXXXXXXXXXXXXXXXXXXXXXXXXXXXXXX
; XXXXXXXXXXXXXXXXXXXXXXXXXXXXXXXXXXXXXXXXXXXXXXXXXXXXXXXXXXXX
; XXXXXXXXXXXXXXXXXXXXXXXXXXXXXXXXXXXXXXXXXXXXXXXXXXXXXXXXXXXX
; XXXXXXXXXXXXXXXXXXXXXXXXXXXXXXXXXXXXXXXXXXXXXXXXXXXXXXXXXXXX
; XXXXXXXXXXXXXXXXXXXXXXXXXXXXXXXXXXXXXXXXXXXXXXXXXXXXXXXXXXXX
; XXXXXXXXXXXXXXXXXXXXXXXXXXXXXXXXXXXXXXXXXXXXXXXXXXXXXXXXXXXX
; XXXXXXXXXXXXXXXXXXXXXXXXXXXXXXXXXXXXXXXXXXXXXXXXXXXXXXXXXXXX
; XXXXXXXXXXXXXXXXXXXXXXXXXXXXXXXXXXXXXXXXXXXXXXXXXXXXXXXXXXXX
; XXXXXXXXXXXXXXXXXXXXXXXXXXXXXXXXXXXXXXXXXXXXXXXXXXXXXXXXXXXX
; XXXXXXXXXXXXXXXXXXXXXXXXXXXXXXXXXXXXXXXXXXXXXXXXXXXXXXXXXXXX
; XXXXXXXXXXXXXXXXXXXXXXXXXXXXXXXXXXXXXXXXXXXXXXXXXXXXXXXXXXXX
; XXXXXXXXXXXXXXXXXXXXXXXXXXXXXXXXXXXXXXXXXXXXXXXXXXXXXXXXXXXX
; XXXXXXXXXXXXXXXXXXXXXXXXXXXXXXXXXXXXXXXXXXXXXXXXXXXXXXXXXXXX
; XXXXXXXXXXXXXXXXXXXXXXXXXXXXXXXXXXXXXXXXXXXXXXXXXXXXXXXXXXXX
