BL51 BANKED LINKER/LOCATER V4.13                                                        02/03/2012  08:57:24  PAGE 1


BL51 BANKED LINKER/LOCATER V4.13, INVOKED BY:
F:\软件\KEIL C\C51\BIN\BL51.EXE 单片机串口通信实验------发送部分.obj TO 单片机串口通信实验------发送部分 RAMSIZE (256)


MEMORY MODEL: SMALL


INPUT MODULES INCLUDED:
  单片机串口通信实验------发送部分.obj (__確_赺_衉___開_________瞋__)
  F:\软件\KEIL C\C51\LIB\C51S.LIB (?C_STARTUP)


LINK MAP OF MODULE:  单片机串口通信实验------发送部分 (__確_赺_衉___開_________瞋__)


            TYPE    BASE      LENGTH    RELOCATION   SEGMENT NAME
            -----------------------------------------------------

            * * * * * * *   D A T A   M E M O R Y   * * * * * * *
            REG     0000H     0008H     ABSOLUTE     "REG BANK 0"
            DATA    0008H     0002H     UNIT         ?DT?__確_赺_衉___開_________瞋__
            IDATA   000AH     0001H     UNIT         ?STACK

            * * * * * * *   C O D E   M E M O R Y   * * * * * * *
            CODE    0000H     0003H     ABSOLUTE     
            CODE    0003H     0019H     UNIT         ?PR?MAIN?__確_赺_衉___開_________瞋__
                    001CH     0007H                  *** GAP ***
            CODE    0023H     0003H     ABSOLUTE     
            CODE    0026H     0016H     UNIT         ?PR?INIT?__確_赺_衉___開_________瞋__
            CODE    003CH     000CH     UNIT         ?PR?SER?__確_赺_衉___開_________瞋__
            CODE    0048H     000CH     UNIT         ?C_C51STARTUP



OVERLAY MAP OF MODULE:   单片机串口通信实验------发送部分 (__確_赺_衉___開_________瞋__)


SEGMENT
  +--> CALLED SEGMENT
---------------------
?C_C51STARTUP
  +--> ?PR?MAIN?__確_赺_衉___開_________...

?PR?MAIN?__確_赺_衉___開_________...
  +--> ?PR?INIT?__確_赺_衉___開_________...



SYMBOL TABLE OF MODULE:  单片机串口通信实验------发送部分 (__確_赺_衉___開_________瞋__)

  VALUE           TYPE          NAME
  ----------------------------------

  -------         MODULE        __確_赺_衉___開_________瞋__
  C:0000H         SYMBOL        _ICE_DUMMY_
  D:0080H         PUBLIC        P0
  D:0090H         PUBLIC        P1
  D:00B0H         PUBLIC        P3
BL51 BANKED LINKER/LOCATER V4.13                                                      02/03/2012  08:57:24  PAGE 2


  B:00B0H.4       PUBLIC        T0
  B:00D0H.6       PUBLIC        AC
  B:00B0H.5       PUBLIC        T1
  B:0090H.0       PUBLIC        T2
  B:00A8H.7       PUBLIC        EA
  D:00A8H         PUBLIC        IE
  B:00C8H.6       PUBLIC        EXF2
  B:00B0H.7       PUBLIC        RD
  B:00A8H.4       PUBLIC        ES
  D:00B8H         PUBLIC        IP
  B:0098H.0       PUBLIC        RI
  D:0008H         PUBLIC        flag
  B:00B0H.2       PUBLIC        INT0
  B:00D0H.7       PUBLIC        CY
  B:0098H.1       PUBLIC        TI
  B:00B0H.3       PUBLIC        INT1
  B:00B8H.4       PUBLIC        PS
  B:0090H.1       PUBLIC        T2EX
  B:00D0H.2       PUBLIC        OV
  C:0003H         PUBLIC        main
  B:00C8H.1       PUBLIC        C_T2
  B:00B0H.6       PUBLIC        WR
  B:00C8H.5       PUBLIC        RCLK
  B:00C8H.4       PUBLIC        TCLK
  D:0099H         PUBLIC        SBUF
  D:0098H         PUBLIC        SCON
  D:0089H         PUBLIC        TMOD
  D:0088H         PUBLIC        TCON
  C:0026H         PUBLIC        init
  D:0009H         PUBLIC        temp
  B:0088H.1       PUBLIC        IE0
  B:0088H.3       PUBLIC        IE1
  B:00C8H.0       PUBLIC        CP_RL2
  B:00A8H.1       PUBLIC        ET0
  B:00A8H.3       PUBLIC        ET1
  B:0088H.5       PUBLIC        TF0
  C:003CH         PUBLIC        ser
  B:00A8H.5       PUBLIC        ET2
  B:0088H.7       PUBLIC        TF1
  B:00C8H.7       PUBLIC        TF2
  B:0098H.2       PUBLIC        RB8
  B:00A8H.0       PUBLIC        EX0
  B:0088H.0       PUBLIC        IT0
  D:008DH         PUBLIC        TH1
  B:0098H.3       PUBLIC        TB8
  B:00A8H.2       PUBLIC        EX1
  B:0088H.2       PUBLIC        IT1
  B:00D0H.0       PUBLIC        P
  B:0098H.7       PUBLIC        SM0
  B:0098H.6       PUBLIC        SM1
  D:008BH         PUBLIC        TL1
  B:0098H.5       PUBLIC        SM2
  B:00B8H.1       PUBLIC        PT0
  B:00B8H.3       PUBLIC        PT1
  B:00D0H.3       PUBLIC        RS0
  B:00B8H.5       PUBLIC        PT2
  B:0088H.4       PUBLIC        TR0
BL51 BANKED LINKER/LOCATER V4.13                                                      02/03/2012  08:57:24  PAGE 3


  B:00D0H.4       PUBLIC        RS1
  B:0088H.6       PUBLIC        TR1
  B:00C8H.2       PUBLIC        TR2
  B:00B8H.0       PUBLIC        PX0
  B:00B8H.2       PUBLIC        PX1
  B:00C8H.3       PUBLIC        EXEN2
  B:0098H.4       PUBLIC        REN
  D:00C8H         PUBLIC        T2CON
  B:00B0H.0       PUBLIC        RXD
  B:00B0H.1       PUBLIC        TXD
  B:00D0H.5       PUBLIC        F0
  D:00D0H         PUBLIC        PSW
  -------         PROC          INIT
  C:0026H         LINE#         5
  C:0026H         LINE#         6
  C:0026H         LINE#         7
  C:0029H         LINE#         8
  C:002CH         LINE#         9
  C:002FH         LINE#         10
  C:0031H         LINE#         11
  C:0033H         LINE#         12
  C:0035H         LINE#         13
  C:0037H         LINE#         14
  C:0039H         LINE#         15
  C:003BH         LINE#         16
  -------         ENDPROC       INIT
  -------         PROC          MAIN
  C:0003H         LINE#         17
  C:0003H         LINE#         18
  C:0003H         LINE#         19
  C:0006H         LINE#         20
  C:0006H         LINE#         21
  C:0006H         LINE#         22
  C:000BH         LINE#         23
  C:000BH         LINE#         24
  C:000DH         LINE#         25
  C:0010H         LINE#         26
  C:0013H         LINE#         27
  C:0016H         LINE#         28
  C:0018H         LINE#         29
  C:001AH         LINE#         30
  C:001AH         LINE#         31
  -------         ENDPROC       MAIN
  -------         PROC          SER
  C:003CH         LINE#         33
  C:003CH         LINE#         35
  C:003EH         LINE#         36
  C:0041H         LINE#         37
  C:0044H         LINE#         38
  C:0047H         LINE#         39
  -------         ENDPROC       SER
  -------         ENDMOD        __確_赺_衉___開_________瞋__

LINK/LOCATE RUN COMPLETE.  0 WARNING(S),  0 ERROR(S)
