BL51 BANKED LINKER/LOCATER V4.13                                                        02/03/2012  09:06:03  PAGE 1


BL51 BANKED LINKER/LOCATER V4.13, INVOKED BY:
F:\Èí¼þ\KEIL C\C51\BIN\BL51.EXE ÀûÓÃ·äÃùÆ÷ÑÝÊ¾ÁåÉù.obj TO ÀûÓÃ·äÃùÆ÷ÑÝÊ¾ÁåÉù RAMSIZE (256)


MEMORY MODEL: SMALL


INPUT MODULES INCLUDED:
  ÀûÓÃ·äÃùÆ÷ÑÝÊ¾ÁåÉù.obj (_û_Ã__Ã__÷_Ý___å__)
  F:\Èí¼þ\KEIL C\C51\LIB\C51S.LIB (?C_STARTUP)


LINK MAP OF MODULE:  ÀûÓÃ·äÃùÆ÷ÑÝÊ¾ÁåÉù (_û_Ã__Ã__÷_Ý___å__)


            TYPE    BASE      LENGTH    RELOCATION   SEGMENT NAME
            -----------------------------------------------------

            * * * * * * *   D A T A   M E M O R Y   * * * * * * *
            REG     0000H     0008H     ABSOLUTE     "REG BANK 0"
            DATA    0008H     0003H     UNIT         _DATA_GROUP_
            DATA    000BH     0001H     UNIT         ?DT?_û_Ã__Ã__÷_Ý___å__
            IDATA   000CH     0001H     UNIT         ?STACK

            * * * * * * *   C O D E   M E M O R Y   * * * * * * *
            CODE    0000H     0003H     ABSOLUTE     
                    0003H     0008H                  *** GAP ***
            CODE    000BH     0003H     ABSOLUTE     
            CODE    000EH     0090H     UNIT         ?CO?_û_Ã__Ã__÷_Ý___å__
            CODE    009EH     0063H     UNIT         ?PR?_PLAY_SONG?_û_Ã__Ã__÷_Ý___å__
            CODE    0101H     0020H     UNIT         ?PR?_DELAY_XMS?_û_Ã__Ã__÷_Ý___å__
            CODE    0121H     000DH     UNIT         ?PR?TIME0_INIT?_û_Ã__Ã__÷_Ý___å__
            CODE    012EH     000CH     UNIT         ?C_C51STARTUP
            CODE    013AH     000AH     UNIT         ?PR?MAIN?_û_Ã__Ã__÷_Ý___å__
            CODE    0144H     0009H     UNIT         ?PR?TIME0_INT?_û_Ã__Ã__÷_Ý___å__



OVERLAY MAP OF MODULE:   ÀûÓÃ·äÃùÆ÷ÑÝÊ¾ÁåÉù (_û_Ã__Ã__÷_Ý___å__)


SEGMENT                                     DATA_GROUP 
  +--> CALLED SEGMENT                     START    LENGTH
---------------------------------------------------------
?C_C51STARTUP                             -----    -----
  +--> ?PR?MAIN?_û_Ã__Ã__÷_Ý___å__

?PR?MAIN?_û_Ã__Ã__÷_Ý___å__               -----    -----
  +--> ?PR?TIME0_INIT?_û_Ã__Ã__÷_Ý___å__
  +--> ?PR?_PLAY_SONG?_û_Ã__Ã__÷_Ý___å__

?PR?_PLAY_SONG?_û_Ã__Ã__÷_Ý___å__         0008H    0003H
  +--> ?CO?_û_Ã__Ã__÷_Ý___å__
  +--> ?PR?_DELAY_XMS?_û_Ã__Ã__÷_Ý___å__



SYMBOL TABLE OF MODULE:  ÀûÓÃ·äÃùÆ÷ÑÝÊ¾ÁåÉù (_û_Ã__Ã__÷_Ý___å__)
BL51 BANKED LINKER/LOCATER V4.13                                                      02/03/2012  09:06:03  PAGE 2



  VALUE           TYPE          NAME
  ----------------------------------

  -------         MODULE        _û_Ã__Ã__÷_Ý___å__
  C:0000H         SYMBOL        _ICE_DUMMY_
  D:0090H         PUBLIC        P1
  D:00B0H         PUBLIC        P3
  B:00B0H.4       PUBLIC        T0
  B:00D0H.6       PUBLIC        AC
  B:00B0H.5       PUBLIC        T1
  B:0090H.0       PUBLIC        T2
  B:00A8H.7       PUBLIC        EA
  D:000BH         PUBLIC        Count
  D:00A8H         PUBLIC        IE
  B:00C8H.6       PUBLIC        EXF2
  B:00B0H.7       PUBLIC        RD
  B:00A8H.4       PUBLIC        ES
  D:00B8H         PUBLIC        IP
  B:0098H.0       PUBLIC        RI
  B:00B0H.2       PUBLIC        INT0
  B:00D0H.7       PUBLIC        CY
  B:0098H.1       PUBLIC        TI
  B:00B0H.3       PUBLIC        INT1
  B:00B8H.4       PUBLIC        PS
  B:0090H.1       PUBLIC        T2EX
  B:00D0H.2       PUBLIC        OV
  C:013AH         PUBLIC        main
  B:00C8H.1       PUBLIC        C_T2
  B:00B0H.6       PUBLIC        WR
  B:00C8H.5       PUBLIC        RCLK
  B:00C8H.4       PUBLIC        TCLK
  D:0098H         PUBLIC        SCON
  D:0089H         PUBLIC        TMOD
  D:0088H         PUBLIC        TCON
  C:0121H         PUBLIC        Time0_Init
  C:000EH         PUBLIC        SONG
  B:0088H.1       PUBLIC        IE0
  B:0088H.3       PUBLIC        IE1
  B:00C8H.0       PUBLIC        CP_RL2
  B:00A8H.1       PUBLIC        ET0
  B:00A8H.3       PUBLIC        ET1
  B:0088H.5       PUBLIC        TF0
  B:00A8H.5       PUBLIC        ET2
  B:0088H.7       PUBLIC        TF1
  B:00C8H.7       PUBLIC        TF2
  B:0098H.2       PUBLIC        RB8
  D:008CH         PUBLIC        TH0
  B:00A8H.0       PUBLIC        EX0
  B:0088H.0       PUBLIC        IT0
  C:0144H         PUBLIC        Time0_Int
  B:0098H.3       PUBLIC        TB8
  B:00A8H.2       PUBLIC        EX1
  B:0088H.2       PUBLIC        IT1
  B:00D0H.0       PUBLIC        P
  B:0098H.7       PUBLIC        SM0
  D:008AH         PUBLIC        TL0
BL51 BANKED LINKER/LOCATER V4.13                                                      02/03/2012  09:06:03  PAGE 3


  B:0098H.6       PUBLIC        SM1
  B:0098H.5       PUBLIC        SM2
  B:00B8H.1       PUBLIC        PT0
  B:00B8H.3       PUBLIC        PT1
  B:00D0H.3       PUBLIC        RS0
  B:0090H.6       PUBLIC        _Speak
  B:00B8H.5       PUBLIC        PT2
  B:0088H.4       PUBLIC        TR0
  B:00D0H.4       PUBLIC        RS1
  B:0088H.6       PUBLIC        TR1
  B:00C8H.2       PUBLIC        TR2
  B:00B8H.0       PUBLIC        PX0
  B:00B8H.2       PUBLIC        PX1
  B:00C8H.3       PUBLIC        EXEN2
  B:0098H.4       PUBLIC        REN
  D:00C8H         PUBLIC        T2CON
  C:0101H         PUBLIC        _Delay_xMs
  B:00B0H.0       PUBLIC        RXD
  B:00B0H.1       PUBLIC        TXD
  C:009EH         PUBLIC        _Play_Song
  B:00D0H.5       PUBLIC        F0
  D:00D0H         PUBLIC        PSW
  -------         PROC          TIME0_INIT
  C:0121H         LINE#         46
  C:0121H         LINE#         47
  C:0121H         LINE#         48
  C:0124H         LINE#         49
  C:0127H         LINE#         50
  C:012AH         LINE#         51
  C:012DH         LINE#         52
  -------         ENDPROC       TIME0_INIT
  -------         PROC          TIME0_INT
  C:0144H         LINE#         53
  C:0144H         LINE#         55
  C:0147H         LINE#         56
  C:014AH         LINE#         57
  C:014CH         LINE#         58
  -------         ENDPROC       TIME0_INT
  -------         PROC          _DELAY_XMS
  D:0006H         SYMBOL        x
  -------         DO            x
  D:0004H         SYMBOL        i
  D:0002H         SYMBOL        j
  -------         ENDDO         j
  C:0101H         LINE#         59
  C:0101H         LINE#         60
  C:0101H         LINE#         62
  C:010BH         LINE#         63
  C:010BH         LINE#         64
  C:0119H         LINE#         65
  C:0120H         LINE#         66
  -------         ENDPROC       _DELAY_XMS
  -------         PROC          _PLAY_SONG
  D:0007H         SYMBOL        i
  -------         DO            i
  D:0001H         SYMBOL        Temp1
  D:0008H         SYMBOL        Temp2
BL51 BANKED LINKER/LOCATER V4.13                                                      02/03/2012  09:06:03  PAGE 4


  D:0009H         SYMBOL        Addr
  -------         ENDDO         Addr
  C:009EH         LINE#         67
  C:009EH         LINE#         68
  C:009EH         LINE#         71
  C:00A1H         LINE#         72
  C:00ABH         LINE#         73
  C:00ABH         LINE#         74
  C:00ABH         LINE#         75
  C:00C2H         LINE#         76
  C:00C5H         LINE#         77
  C:00C5H         LINE#         78
  C:00C7H         LINE#         79
  C:00CEH         LINE#         80
  C:00D0H         LINE#         81
  C:00D3H         LINE#         82
  C:00D3H         LINE#         83
  C:00D3H         LINE#         85
  C:00D3H         LINE#         86
  C:00EBH         LINE#         87
  C:00EDH         LINE#         88
  C:00EDH         LINE#         89
  C:00EDH         LINE#         90
  C:00EFH         LINE#         91
  C:00F6H         LINE#         92
  C:00FBH         LINE#         93
  C:00FBH         LINE#         94
  C:00FEH         LINE#         95
  C:0100H         LINE#         96
  C:0100H         LINE#         97
  C:0100H         LINE#         98
  C:0100H         LINE#         99
  C:0100H         LINE#         100
  -------         ENDPROC       _PLAY_SONG
  -------         PROC          MAIN
  C:013AH         LINE#         102
  C:013AH         LINE#         103
  C:013AH         LINE#         104
  C:013DH         LINE#         105
  C:013DH         LINE#         106
  C:013DH         LINE#         107
  C:0142H         LINE#         108
  -------         ENDPROC       MAIN
  -------         ENDMOD        _û_Ã__Ã__÷_Ý___å__

LINK/LOCATE RUN COMPLETE.  0 WARNING(S),  0 ERROR(S)
